
> dijital-kartvizit@0.1.0 build
> prisma generate && next build

Environment variables loaded from .env
Prisma schema loaded from schema.prisma

✔ Generated Prisma Client (v6.7.0) to ./../node_modules/.prisma/client in 210ms

Start by importing your Prisma Client (See: https://pris.ly/d/importing-client)

Tip: Want to react to database changes in your app as they happen? Discover how with Pulse: https://pris.ly/tip-1-pulse

┌─────────────────────────────────────────────────────────┐
│  Update available 6.7.0 -> 7.2.0                        │
│                                                         │
│  This is a major update - please follow the guide at    │
│  https://pris.ly/d/major-version-upgrade                │
│                                                         │
│  Run the following to update                            │
│    npm i --save-dev prisma@latest                       │
│    npm i @prisma/client@latest                          │
└─────────────────────────────────────────────────────────┘
  ▲ Next.js 14.2.35
  - Environments: .env
  - Experiments (use with caution):
    · optimizeCss
    · outputFileTracingRoot

   Creating an optimized production build ...
 ✓ Compiled successfully
   Skipping linting
   Checking validity of types ...
   Collecting page data ...
   Generating static pages (0/24) ...
[2026-01-01 16:04:31] [31merror[39m: İlçeler getirilirken hata oluştu: Dynamic server usage: Route /api/ilceler couldn't be rendered statically because it used `nextUrl.searchParams`. See more info here: https://nextjs.org/docs/messages/dynamic-server-error {"service":"dijital-kartvizit","description":"Route /api/ilceler couldn't be rendered statically because it used `nextUrl.searchParams`. See more info here: https://nextjs.org/docs/messages/dynamic-server-error","digest":"DYNAMIC_SERVER_USAGE","stack":"Error: Dynamic server usage: Route /api/ilceler couldn't be rendered statically because it used `nextUrl.searchParams`. See more info here: https://nextjs.org/docs/messages/dynamic-server-error\n    at V (/Users/furkanyigit/Desktop/dijitalkartvizit/sanalkartvizitim/node_modules/next/dist/compiled/next-server/app-route.runtime.prod.js:6:21778)\n    at Object.get (/Users/furkanyigit/Desktop/dijitalkartvizit/sanalkartvizitim/node_modules/next/dist/compiled/next-server/app-route.runtime.prod.js:6:29137)\n    at l (/Users/furkanyigit/Desktop/dijitalkartvizit/sanalkartvizitim/.next/server/app/api/ilceler/route.js:1:1020)\n    at /Users/furkanyigit/Desktop/dijitalkartvizit/sanalkartvizitim/node_modules/next/dist/compiled/next-server/app-route.runtime.prod.js:6:38417\n    at /Users/furkanyigit/Desktop/dijitalkartvizit/sanalkartvizitim/node_modules/next/dist/server/lib/trace/tracer.js:140:36\n    at NoopContextManager.with (/Users/furkanyigit/Desktop/dijitalkartvizit/sanalkartvizitim/node_modules/@opentelemetry/api/build/src/context/NoopContextManager.js:25:19)\n    at ContextAPI.with (/Users/furkanyigit/Desktop/dijitalkartvizit/sanalkartvizitim/node_modules/@opentelemetry/api/build/src/api/context.js:60:46)\n    at NoopTracer.startActiveSpan (/Users/furkanyigit/Desktop/dijitalkartvizit/sanalkartvizitim/node_modules/@opentelemetry/api/build/src/trace/NoopTracer.js:65:31)\n    at ProxyTracer.startActiveSpan (/Users/furkanyigit/Desktop/dijitalkartvizit/sanalkartvizitim/node_modules/@opentelemetry/api/build/src/trace/ProxyTracer.js:36:24)\n    at /Users/furkanyigit/Desktop/dijitalkartvizit/sanalkartvizitim/node_modules/next/dist/server/lib/trace/tracer.js:122:103"}
   Generating static pages (6/24) 
   Generating static pages (12/24) 
   Generating static pages (18/24) 
Time 11.13525
Time 10.481958
 ✓ Generating static pages (24/24)
   Finalizing page optimization ...
   Collecting build traces ...

Route (app)                              Size     First Load JS
┌ ○ /                                    23.4 kB         129 kB
├ ○ /_not-found                          150 B          87.6 kB
├ ƒ /[slug]                              721 B          88.2 kB
├ ƒ /[slug]/qr                           150 B          87.6 kB
├ ƒ /[slug]/vcard                        150 B          87.6 kB
├ ○ /admin                               2.53 kB        98.7 kB
├ ○ /admin/ayarlar                       35.1 kB         250 kB
├ ○ /admin/dashboard                     150 B          87.6 kB
├ ○ /admin/firmalar                      17.5 kB         237 kB
├ ƒ /admin/firmalar/[id]                 10.7 kB         309 kB
├ ○ /admin/firmalar/yeni                 9.16 kB         308 kB
├ ○ /admin/temalar                       8.26 kB         282 kB
├ ƒ /api/auth/[...nextauth]              0 B                0 B
├ ƒ /api/firmalar                        0 B                0 B
├ ƒ /api/firmalar/[id]                   0 B                0 B
├ ƒ /api/firmalar/by-slug/[slug]         0 B                0 B
├ ƒ /api/firmalar/slug/[slug]            0 B                0 B
├ ○ /api/health                          0 B                0 B
├ ƒ /api/ilceler                         0 B                0 B
├ ○ /api/iller                           0 B                0 B
├ ○ /api/kategoriler                     0 B                0 B
├ ƒ /api/monitoring                      0 B                0 B
├ ƒ /api/qr-codes/[slug]                 0 B                0 B
├ ƒ /api/regenerate-html                 0 B                0 B
├ ƒ /api/save-html                       0 B                0 B
├ ƒ /api/sayfalar/[slug]                 0 B                0 B
├ ƒ /api/sayfalar/[slug]/vcard           0 B                0 B
├ ○ /api/sektorler                       0 B                0 B
├ ƒ /api/settings/icon-order             0 B                0 B
├ ƒ /api/upload                          0 B                0 B
├ ○ /login                               2.09 kB         223 kB
└ ○ /sitemap.xml                         0 B                0 B
+ First Load JS shared by all            87.5 kB
  ├ chunks/117-6def5ac08af615b7.js       31.9 kB
  ├ chunks/fd9d1056-0b9c35873a39507f.js  53.7 kB
  └ other shared chunks (total)          1.94 kB


ƒ Middleware                             46.3 kB

○  (Static)   prerendered as static content
ƒ  (Dynamic)  server-rendered on demand

